status: completed exit_code: 0
   Compiling tauri-shell v0.1.0 (/home/indo/projects/erd-pairing-20260910/clients/rust/tauri-shell)
    Finished `test` profile [unoptimized + debuginfo] target(s) in 5.90s
     Running unittests src-tauri/src/lib.rs (clients/rust/target/debug/deps/tauri_shell_lib-b43e2e466214b0c4)

running 16 tests
test discovery_tests::source_dedup_keeps_identical_name_distinct_endpoints_and_does_not_inherit_pairing ... ok
test desktop_integration_tests::pairing_store_round_trip_and_deletion ... ok
test pairing_tests::test_missing_pin_and_missing_record_fails_immediately_without_bootstrap ... ok
test discovery_tests::stored_pairings_and_self_do_not_create_observed_peers ... ok
test discovery_tests::pairing_does_not_infer_identity_from_testbed_ips_case_or_substrings ... ok
test pairing_tests::test_failed_reconnect_preserves_original_cause_and_never_falls_back_to_bootstrap_pin ... ok
test pairing_tests::test_list_pairings_store_seam_isolated_store_serializes_only_allowed_metadata ... ok
test pairing_tests::test_list_pairings_json_excludes_key_field ... ok
test pairing_tests::test_no_network_stored_id_fails_without_fallback_to_pin ... ok
test pairing_tests::test_wrong_stored_id_fails_before_transport_without_bootstrap ... ok
test pairing_tests::test_stored_id_reconnect_across_store_and_recreated_session_boundary ... ok
test pairing_tests::test_missing_id_and_missing_pin_fails_before_transport ... ok
test pairing_tests::test_same_name_records_select_exact_stored_id_and_key ... ok
test pairing_tests::test_cancellable_accept_cancels_cleanly_before_client_connection ... ok
test pairing_tests::test_loopback_reconnect_failure_does_not_trigger_bootstrap_request ... ok
test pairing_tests::test_cancellable_accept_normal_completion_with_real_client ... ok

test result: ok. 16 passed; 0 failed; 0 ignored; 0 measured; 51 filtered out; finished in 0.09s

     Running unittests src-tauri/src/main.rs (clients/rust/target/debug/deps/tauri_shell-0333068dc815abdc)

running 0 tests

test result: ok. 0 passed; 0 failed; 0 ignored; 0 measured; 0 filtered out; finished in 0.00s

    Finished `test` profile [unoptimized + debuginfo] target(s) in 0.29s
     Running unittests src-tauri/src/lib.rs (clients/rust/target/debug/deps/tauri_shell_lib-b43e2e466214b0c4)

running 19 tests
test discovery_tests::empty_successful_lan_with_failed_tailscale_yields_empty_success ... ok
test discovery_tests::lan_survives_missing_or_failed_tailscale ... ok
test discovery_tests::empty_observation_never_invents_online_testbeds ... ok
test discovery_tests::lan_host_with_matching_stored_name_remains_unpaired ... ok
test discovery_tests::both_sources_failing_yields_an_error ... ok
test discovery_tests::malformed_status_is_an_error_not_an_empty_success ... ok
test discovery_tests::missing_command_is_an_error_not_hosts ... ok
test discovery_tests::observe_installed_tailscale ... ignored, explicit installed-Tailscale observation; run with --ignored --nocapture
test discovery_tests::nonzero_exit_rejects_even_valid_peer_json ... ok
test discovery_tests::null_peer_map_has_no_hosts ... ok
test discovery_tests::non_host_mobile_platforms_are_excluded_from_host_list ... ok
test discovery_tests::source_dedup_keeps_identical_name_distinct_endpoints_and_does_not_inherit_pairing ... ok
test discovery_tests::source_dedup_prioritizes_lan_over_tailscale ... ok
test discovery_tests::pairing_does_not_infer_identity_from_testbed_ips_case_or_substrings ... ok
test discovery_tests::stored_pairings_and_self_do_not_create_observed_peers ... ok
test discovery_tests::absent_executable_uses_the_actual_async_command_seam ... ok
test discovery_tests::observed_known_and_other_peers_keep_presence_and_json_fields ... ok
test discovery_tests::list_hosts_internal_returns_lan_immediately_without_waiting_for_slow_tailscale ... ok
test discovery_tests::managed_state_lan_retry_does_not_permanently_lock_initialization_error ... ok

test result: ok. 18 passed; 0 failed; 1 ignored; 0 measured; 48 filtered out; finished in 0.00s


running 0 tests

test result: ok. 0 passed; 0 failed; 0 ignored; 0 measured; 0 filtered out; finished in 0.00s

     Running unittests src-tauri/src/main.rs (clients/rust/target/debug/deps/tauri_shell-0333068dc815abdc)
    Finished `test` profile [unoptimized + debuginfo] target(s) in 0.20s
     Running unittests src/lib.rs (clients/rust/target/debug/deps/erd_ios_lib-08638918e6826959)

running 21 tests
test tests::tests::build_session_config_normalizes_ipv6_brackets_and_preserves_scope ... ok
test tests::tests::frame_repacking_exact_layout_and_header ... ok
test tests::tests::build_session_config_rejects_empty_bracketed_hosts_and_zero_ports ... ok
test tests::tests::frame_repacking_stride_repack ... ok
test tests::tests::frame_repacking_odd_height ... ok
test tests::tests::session_stats_serialization_conforms_to_contract ... ok
test tests::tests::key_validation_rejects_invalid_inputs ... ok
test tests::tests::cancellation_validation_accepts_nonfinite_coords_to_release ... ok
test tests::tests::presentation_sequence_validation ... ok
test tests::tests::touch_cancellation_emits_release ... ok
test tests::tests::touch_mode_switching_emits_release ... ok
test tests::tests::pairing_lookup_by_host_address_never_infers_pairing_from_advertised_hostname ... ok
test tests::tests::touch_unit_viewport_normalization ... ok
test tests::tests::trackpad_normalized_drag_produces_pixel_movement ... ok
test tests::tests::test_connect_exact_id_loads_correct_stored_pairing ... ok
test tests::tests::test_list_pairings_excludes_secret_key_bytes ... ok
test tests::tests::poisoned_mutex_returns_error_instead_of_silent_recovery ... ok
test tests::tests::test_connect_missing_id_and_missing_pin_fails_before_transport ... ok
test tests::tests::test_remember_endpoint_survives_store_reload ... ok
test tests::tests::test_connect_unknown_id_fails_before_transport_without_bootstrap ... ok
test tests::tests::test_qa_provisioning_imports_and_propagates_pairing_id ... ok

test result: ok. 21 passed; 0 failed; 0 ignored; 0 measured; 0 filtered out; finished in 0.00s

bun test v1.4.0 (34cbb9a40)

clients/rust/tauri-shell/tests/frontend-page.test.mjs:
PAGE CLEANUP {"origin":"http://127.0.0.1:43513","webViewClosed":true,"serverStopped":true}
(pass) audio controls drive native commands and expose device failure [929.68ms]
PAGE CLEANUP {"origin":"http://127.0.0.1:39403","webViewClosed":true,"serverStopped":true}
(pass) audio startup failure is recoverable and compact controls stay viewport bounded [169.15ms]
PAGE CLEANUP {"origin":"http://127.0.0.1:46249","webViewClosed":true,"serverStopped":true}
(pass) failed held release still releases remaining keys and does not poison later sessions [218.78ms]
PAGE CLEANUP {"origin":"http://127.0.0.1:46513","webViewClosed":true,"serverStopped":true}
(pass) C3 failed key release does not skip remaining keys or poison cleanup and reconnect [183.51ms]
PAGE CLEANUP {"origin":"http://127.0.0.1:46805","webViewClosed":true,"serverStopped":true}
(pass) C2 cleanup failure retry and C3 unavailable stats and renderer [111.10ms]
PAGE CLEANUP {"origin":"http://127.0.0.1:39317","webViewClosed":true,"serverStopped":true}
(pass) C1 real page search, composed filters, favorites and same-origin persistence [125.76ms]
PAGE CLEANUP {"origin":"http://127.0.0.1:34831","webViewClosed":true,"serverStopped":true}
(pass) C2 real direct form rejects fields and cancels late connect with final cleanup [180.29ms]
PAGE CLEANUP {"origin":"http://127.0.0.1:45655","webViewClosed":true,"serverStopped":true}
(pass) C4 external labels are literal; favorite is isolated and quoted Connect captures original target [96.72ms]
PAGE CLEANUP {"origin":"http://127.0.0.1:45297","webViewClosed":true,"serverStopped":true}
(pass) C3 real WebGL frame, stale poll, local keys, held release and fullscreen failure [210.68ms]
PAGE CLEANUP {"origin":"http://127.0.0.1:41711","webViewClosed":true,"serverStopped":true}
PAGE CLEANUP {"origin":"http://127.0.0.1:43033","webViewClosed":true,"serverStopped":true}
(pass) C1 refresh failure/retry, empty inventory, unpaired prefill and no bridge [186.70ms]
PAGE CLEANUP {"origin":"http://127.0.0.1:37217","webViewClosed":true,"serverStopped":true}
(pass) C3 middle button, extra button rejection, focus-loss release and relative pointer in live session [188.50ms]

clients/rust/tauri-shell/ui/connection-state.test.mjs:
(pass) PIN and address validation matches backend without losing leading zeros [0.46ms]
(pass) connect passes custom ports through invoke [0.45ms]
(pass) invalid and unavailable connections never invoke; subscriptions and snapshots are isolated [0.23ms]
(pass) exact IPC, waiting-video then rendered frame; no PIN in state and busy blocks connect [0.18ms]
(pass) cancel pending connect (resolve) invalidates immediately and serializes one final cleanup [0.41ms]
(pass) cancel pending connect (reject) invalidates immediately and serializes one final cleanup [0.09ms]
(pass) pending connect settles before input release: teardown still waits for release [0.13ms]
(pass) synchronous connecting subscription can cancel without losing native cleanup ownership [0.15ms]
(pass) completed input release cannot disconnect an unpublished pending connect [0.14ms]
(pass) connect rejection cleans up, retaining original error and retryable cleanup failure [0.20ms]
(pass) release failure is visible, does not prevent teardown, and holds lock until retry [0.13ms]
bun test v1.4.0 (34cbb9a40)
(pass) stats deduplicate, clear unavailable values, and failure does not disconnect [0.25ms]
(pass) stale stats resolve and stale frame errors cannot alter new generation [0.18ms]
(pass) stale stats reject and stale frame errors cannot alter new generation [0.11ms]
(pass) remote-ended stats and current frame failures use the cleanup path [0.21ms]

 26 pass
 0 fail
 69 expect() calls
Ran 26 tests across 2 files. [2.75s]

clients/rust/ios-shell/ui/test/connection-state.test.mjs:
(pass) validateConnectRequest validates required host and optional 8-digit PIN [1.26ms]
(pass) createConnectionManager transitions state from idle to waiting-video to streaming [0.55ms]
(pass) createConnectionManager ignores stale frame tokens from prior generation [0.10ms]
(pass) createConnectionManager reports error when native bridge is missing [0.19ms]

clients/rust/ios-shell/ui/test/discovery.test.mjs:
(pass) validateConnectRequest accepts valid custom tcpPort and udpPort [0.05ms]
(pass) validateConnectRequest omits port fields when absent for backward compatibility [0.04ms]
(pass) validateConnectRequest rejects empty bracketed hosts [0.05ms]
(pass) validateConnectRequest rejects port 0, negative, and out-of-range ports [0.09ms]
(pass) validateConnectRequest preserves and normalizes IPv6 addresses without bracket corruption [0.04ms]
(pass) safe port passing propagates to native connect invoke call [0.30ms]
(pass) null bridge connect cannot report success [0.10ms]
(pass) initial state has idle discovery and empty discovered hosts [0.07ms]
(pass) startDiscovery transitions discoveryState to loading while snapshot is pending [0.32ms]
(pass) pending list_hosts completes after stop and does not repopulate list [0.17ms]
(pass) stop before native call begins prevents native list_hosts from being invoked [0.12ms]
(pass) stop then resume waits for native stop before new list_hosts [0.12ms]
(pass) old completion does not clear new pending request [0.22ms]
(pass) list_hosts resolution populates discoveredHosts and transitions discoveryState to idle [0.22ms]
(pass) empty discovery snapshot yields empty list without error [0.10ms]
(pass) disappearing hosts are pruned from discoveredHosts on subsequent snapshot [0.27ms]
(pass) discovery failure sets discoveryState to error while preserving direct connect [0.22ms]
(pass) discovery refresh scheduling stops when active session begins and resumes on disconnect [0.41ms]
(pass) session/background disconnect does not restart periodic timer [0.17ms]
(pass) lifecycle background transitions halt discovery refresh and foreground transitions resume [0.21ms]
(pass) findDiscoveredHostById returns latest updated record when IP or ports change [0.08ms]
(pass) findDiscoveredHostById returns null when host is removed or inputs invalid [0.05ms]
(pass) selecting a discovered host card populates target parameters without inferring paired state [0.10ms]
(pass) card-initiated connect requires PIN for unpaired host: asserts missing-PIN rejects and valid-PIN succeeds [0.20ms]

clients/rust/ios-shell/ui/test/frame-parser.test.mjs:
(pass) parseNv12Frame parses valid 4x2 NV12 frame buffer [0.20ms]
(pass) parseNv12Frame rejects buffer shorter than 16-byte header [0.04ms]
(pass) parseNv12Frame rejects truncated frame data [0.06ms]
(pass) parseNv12Frame rejects zero dimensions [0.05ms]
(pass) parseNv12Frame accepts Uint8Array slices [0.05ms]

clients/rust/ios-shell/ui/test/input-queue.test.mjs:
(pass) preserves execution order for serialized input commands [0.34ms]
(pass) drops queued commands when generation changes before invocation [0.17ms]
(pass) captures generation at enqueue time rather than invocation time [0.20ms]
(pass) handles invoke rejection without breaking subsequent queue processing [0.13ms]

clients/rust/ios-shell/ui/test/keyboard-mapper.test.mjs:
(pass) mapNamedKeyToCode maps known keys to wire key codes [0.09ms]
(pass) createModifierTracker toggles and clears modifier bitflags [0.15ms]
(pass) validateKeyPayload validates well-formed send_key payloads [0.07ms]
(pass) validateKeyPayload rejects invalid key payload types [0.03ms]

clients/rust/ios-shell/ui/test/lifecycle.test.mjs:
(pass) hidden during streaming invokes input release, disconnect, and invalidates generation [0.23ms]
(pass) hidden during connecting invokes input release and disconnect [0.19ms]
(pass) pagehide during streaming invokes input release and disconnect [0.24ms]
(pass) blur while still visible releases held inputs but preserves polling and does not disconnect stream [0.18ms]
(pass) returning to foreground does not resurrect disconnected session or accept stale frame completions [0.18ms]

clients/rust/ios-shell/ui/test/touch-coords.test.mjs:
(pass) calculateAspectFit calculates correct pillarbox in wide container [0.08ms]
(pass) calculateAspectFit calculates correct letterbox in tall container [0.03ms]
(pass) calculateAspectFit handles zero or invalid dimensions gracefully [0.02ms]
(pass) normalizeTouchCoordinates normalizes coordinates accurately [0.09ms]
(pass) normalizeTouchCoordinates clamps out-of-bounds coordinates to 0..1 [0.06ms]
(pass) mapTouchPhase maps browser touch/pointer events to contract phases [0.05ms]
(pass) createTouchTracker tracks and cancels touches [0.14ms]

 53 pass
 0 fail
Ran 53 tests across 7 files. [99.00ms]
