=== Phase D (R6) GREEN Test Execution Log ===
Timestamp: 2026-09-10
Task IDs: st_01a08a4b, st_01a08d7a
Command: bun test clients/rust/ios-shell/ui/test/connection-state.test.mjs clients/rust/ios-shell/ui/test/discovery.test.mjs
Runner: bun test v1.4.0 (34cbb9a40)

Test Execution Summary:
clients/rust/ios-shell/ui/test/discovery.test.mjs:
(pass) validateConnectRequest accepts valid custom tcpPort and udpPort [0.90ms]
(pass) validateConnectRequest omits port fields when absent for backward compatibility [0.03ms]
(pass) validateConnectRequest rejects empty bracketed hosts [0.03ms]
(pass) validateConnectRequest rejects port 0, negative, and out-of-range ports [0.05ms]
(pass) validateConnectRequest preserves and normalizes IPv6 addresses without bracket corruption [0.01ms]
(pass) safe port passing propagates to native connect invoke call [0.41ms]
(pass) null bridge connect cannot report success [0.07ms]
(pass) initial state has idle discovery and empty discovered hosts [0.03ms]
(pass) startDiscovery transitions discoveryState to loading while snapshot is pending [0.13ms]
(pass) pending list_hosts completes after stop and does not repopulate list [0.03ms]
(pass) stop before native call begins prevents native list_hosts from being invoked [0.02ms]
(pass) stop then resume waits for native stop before new list_hosts [0.03ms]
(pass) old completion does not clear new pending request [0.04ms]
(pass) list_hosts resolution populates discoveredHosts and transitions discoveryState to idle [0.05ms]
(pass) empty discovery snapshot yields empty list without error [0.02ms]
(pass) disappearing hosts are pruned from discoveredHosts on subsequent snapshot [0.05ms]
(pass) discovery failure sets discoveryState to error while preserving direct connect [0.13ms]
(pass) discovery refresh scheduling stops when active session begins and resumes on disconnect [0.28ms]
(pass) session/background disconnect does not restart periodic timer [0.07ms]
(pass) lifecycle background transitions halt discovery refresh and foreground transitions resume [0.10ms]
(pass) findDiscoveredHostById returns latest updated record when IP or ports change [0.03ms]
(pass) findDiscoveredHostById returns null when host is removed or inputs invalid
(pass) selecting a discovered host card populates target parameters without inferring paired state [0.03ms]
(pass) card-initiated connect requires PIN for unpaired host: asserts missing-PIN rejects and valid-PIN succeeds [0.06ms]
(pass) unpaired discovered host with identical name does not choose saved credential [0.03ms]

clients/rust/ios-shell/ui/test/connection-state.test.mjs:
(pass) validateConnectRequest validates required host and optional 8-digit PIN [0.02ms]
(pass) createConnectionManager transitions state from idle to waiting-video to streaming [0.05ms]
(pass) createConnectionManager ignores stale frame tokens from prior generation [0.03ms]
(pass) createConnectionManager reports error when native bridge is missing [0.02ms]
(pass) saved-mode click passes explicit pairingId to native connect without PIN [0.07ms]
(pass) list_pairings populates savedPairings and excludes secret keys from state [0.02ms]
(pass) connect without PIN and without pairingId returns pairing-required error [0.09ms]
(pass) UI saved-mode click to actual invoke argument passes exact pairingId without PIN [0.03ms]
(pass) startup provisioning auto-connect dispatches connect with explicit pairingId [0.04ms]
(pass) cleanup invokes native disconnect even when state is error [0.16ms]
(pass) cleanup failure transitions to cleanup-failed and does not revert to idle [0.04ms]
(pass) concurrent disconnect calls share single pending cleanup promise [0.03ms]
(pass) prompt native disconnect during pending connect cancels immediately and serializes cleanup [0.05ms]
(pass) cleanup-failed retains lock and blocks connect until retryCleanup succeeds [0.05ms]
(pass) connect rejection cleans up, retaining original error and retryable cleanup failure [0.03ms]
(pass) ensure error dismiss cleans resources and never reverts to idle on cleanup failure [0.04ms]
(pass) stale connect completion after disconnect cannot revive session [0.01ms]
(pass) lead_disconnect_waits_for_pending_connect [0.11ms]
(pass) lead_disconnected_stats_end_ui_session [0.03ms]
(pass) disconnect during pending connect: order A where connect settles before disconnect [0.04ms]
(pass) disconnect during pending connect: order B where disconnect settles before connect [0.04ms]
(pass) native stats contract: stale generation terminal stats is suppressed [0.06ms]
(pass) final subscription snapshot reports busy=false when ownership and connect truly ended [0.04ms]
(pass) resource ownership: disconnect during streaming maintains owned session and busy until native invoke completes [0.04ms]
(pass) concurrent disconnect, cancel, dismissError, and retryCleanup share identical in-flight cleanup promise [0.04ms]
(pass) stale connect rejection after disconnect cannot transition state to error or overwrite lastError [0.02ms]
(pass) saved pairing connection rejection preserves exact failure reason without PIN fallback or duplicate retry [0.05ms]

Result: 52 passed, 0 failed across 2 files (exit code 0, single-run execution in 235.00ms).
All synchronization barriers implemented via deterministic MessageChannel task barriers and deferred completion signals with zero timed sleeps or polling.
