status: completed exit_code: 0
bun test v1.4.0 (34cbb9a40)

clients/rust/ios-shell/ui/test/frame-parser.test.mjs:
✓ parseNv12Frame parses valid 4x2 NV12 frame buffer [2.37ms]
✓ parseNv12Frame rejects buffer shorter than 16-byte header [0.11ms]
✓ parseNv12Frame rejects truncated frame data [0.04ms]
✓ parseNv12Frame rejects zero dimensions [0.02ms]
✓ parseNv12Frame accepts Uint8Array slices [0.01ms]

clients/rust/ios-shell/ui/test/discovery.test.mjs:
✓ validateConnectRequest accepts valid custom tcpPort and udpPort [0.25ms]
✓ validateConnectRequest omits port fields when absent for backward compatibility [0.02ms]
✓ validateConnectRequest rejects empty bracketed hosts [0.04ms]
✓ validateConnectRequest rejects port 0, negative, and out-of-range ports [0.04ms]
✓ validateConnectRequest preserves and normalizes IPv6 addresses without bracket corruption [0.02ms]
✓ safe port passing propagates to native connect invoke call [0.49ms]
✓ null bridge connect cannot report success [0.06ms]
✓ initial state has idle discovery and empty discovered hosts [0.04ms]
✓ startDiscovery transitions discoveryState to loading while snapshot is pending [0.09ms]
✓ pending list_hosts completes after stop and does not repopulate list [0.04ms]
✓ stop before native call begins prevents native list_hosts from being invoked [0.02ms]
✓ stop then resume waits for native stop before new list_hosts [0.03ms]
✓ old completion does not clear new pending request [0.04ms]
✓ list_hosts resolution populates discoveredHosts and transitions discoveryState to idle [0.06ms]
✓ empty discovery snapshot yields empty list without error [0.02ms]
✓ disappearing hosts are pruned from discoveredHosts on subsequent snapshot [0.07ms]
✓ discovery failure sets discoveryState to error while preserving direct connect [0.20ms]
✓ discovery refresh scheduling stops when active session begins and resumes on disconnect [0.19ms]
✓ session/background disconnect does not restart periodic timer [0.04ms]
✓ lifecycle background transitions halt discovery refresh and foreground transitions resume [0.09ms]
✓ findDiscoveredHostById returns latest updated record when IP or ports change [0.03ms]
✓ findDiscoveredHostById returns null when host is removed or inputs invalid [0.01ms]
✓ selecting a discovered host card populates target parameters without inferring paired state [0.03ms]
✓ card-initiated connect requires PIN for unpaired host: asserts missing-PIN rejects and valid-PIN succeeds [0.05ms]
✓ unpaired discovered host with identical name does not choose saved credential [0.03ms]

clients/rust/ios-shell/ui/test/connection-state.test.mjs:
✓ validateConnectRequest validates required host and optional 8-digit PIN [0.10ms]
✓ createConnectionManager transitions state from idle to waiting-video to streaming [0.15ms]
✓ createConnectionManager ignores stale frame tokens from prior generation [0.06ms]
✓ createConnectionManager reports error when native bridge is missing [0.10ms]
✓ saved-mode click passes explicit pairingId to native connect without PIN [0.18ms]
✓ list_pairings populates savedPairings and excludes secret keys from state [0.05ms]
✓ connect without PIN and without pairingId returns pairing-required error [0.38ms]
✓ UI saved-mode click to actual invoke argument passes exact pairingId without PIN [0.06ms]
✓ startup provisioning auto-connect dispatches connect with explicit pairingId [0.03ms]
✓ cleanup invokes native disconnect even when state is error [0.13ms]
✓ cleanup failure transitions to cleanup-failed and does not revert to idle [0.05ms]
✓ concurrent disconnect calls share single pending cleanup promise [0.03ms]
✓ prompt native disconnect during pending connect cancels immediately and serializes cleanup [0.41ms]
✓ cleanup-failed retains lock and blocks connect until retryCleanup succeeds [0.10ms]
✓ connect rejection cleans up, retaining original error and retryable cleanup failure [0.04ms]
✓ ensure error dismiss cleans resources and never reverts to idle on cleanup failure [0.05ms]
✓ stale connect completion after disconnect cannot revive session [0.03ms]
✓ lead_disconnect_waits_for_pending_connect [0.53ms]
✓ lead_disconnected_stats_end_ui_session [0.36ms]
✓ disconnect during pending connect: order A where connect settles before disconnect [0.11ms]
✓ disconnect during pending connect: order B where disconnect settles before connect [0.04ms]
✓ native stats contract: stale generation terminal stats is suppressed [0.03ms]
✓ final subscription snapshot reports busy=false when ownership and connect truly ended [0.07ms]

clients/rust/ios-shell/ui/test/input-queue.test.mjs:
✓ preserves execution order for serialized input commands [0.18ms]
✓ drops queued commands when generation changes before invocation [0.04ms]
✓ captures generation at enqueue time rather than invocation time [0.03ms]
✓ handles invoke rejection without breaking subsequent queue processing [0.04ms]

clients/rust/ios-shell/ui/test/lifecycle.test.mjs:
✓ hidden during streaming invokes input release, disconnect, and invalidates generation [0.22ms]
✓ hidden during connecting invokes input release and disconnect [0.05ms]
✓ pagehide during streaming invokes input release and disconnect [0.04ms]
✓ blur while still visible releases held inputs but preserves polling and does not disconnect stream [0.03ms]
✓ returning to foreground does not resurrect disconnected session or accept stale frame completions [0.03ms]

clients/rust/ios-shell/ui/test/page-modal.test.mjs:
✓ real browser interaction at 430x932: fill, submit, modal appearance, hit-test, focus trap, cancel click, cleanup progress, focus restore, and no stale reconnect [3266.77ms]
✓ real browser interaction at 1280x800: fill, submit, modal appearance, hit-test, focus trap, cancel click, cleanup progress, focus restore, and no stale reconnect [239.86ms]
✓ actual-page video streaming pipeline: poll_frame NV12 frame transitions waiting-video to streaming, renders WebGL, dispatches presented, and hides modal [183.73ms]

clients/rust/ios-shell/ui/test/keyboard-mapper.test.mjs:
✓ mapNamedKeyToCode maps known keys to wire key codes [1.06ms]
✓ createModifierTracker toggles and clears modifier bitflags [0.08ms]
✓ validateKeyPayload validates well-formed send_key payloads [0.02ms]
✓ validateKeyPayload rejects invalid key payload types [0.02ms]

clients/rust/ios-shell/ui/test/touch-coords.test.mjs:
✓ calculateAspectFit calculates correct pillarbox in wide container [0.04ms]
✓ calculateAspectFit calculates correct letterbox in tall container
✓ calculateAspectFit handles zero or invalid dimensions gracefully [0.01ms]
✓ normalizeTouchCoordinates normalizes coordinates accurately [0.02ms]
✓ normalizeTouchCoordinates clamps out-of-bounds coordinates to 0..1
✓ mapTouchPhase maps browser touch/pointer events to contract phases [0.01ms]
✓ createTouchTracker tracks and cancels touches [0.07ms]

clients/rust/ios-shell/ui/test/dom-modal.test.mjs:
✓ connecting modal is child of body, not hidden session view [113.80ms]
✓ cancel button is clickable and dispatches disconnect while connecting [99.78ms]
✓ background views are marked inert and aria-hidden when modal is open [131.71ms]
✓ focus is trapped to modal and restored on close [119.93ms]
✓ pin input is cleared upon submission [156.17ms]
✓ cleanup progress visible and cancel button disabled during disconnecting [118.88ms]

 82 pass
 0 fail
 95 expect() calls
Ran 82 tests across 9 files. [6.52s]
